Using seed: 1337
[]
Fastest checker: explicit
t1 = a1 + a1
Fastest checker: explicit
Fails for (0, 2, 1, 0)

[]
Fastest checker: explicit
t1 = a1 + a2
Fastest checker: explicit
Fails for (1, 2, 1, 0)

[]
Fastest checker: explicit
No sequence possible!
Increasing constants to 1

Increasing sequence length to 1

[]
Fastest checker: explicit
No sequence possible!
Increasing constants to 0

Increasing sequence length to 2

[]
Fastest checker: explicit
t1 = a3 - a1
t2 = t1 + t1
Fastest checker: explicit
Fails for (2, 2, 1, 0)

[]
Fastest checker: explicit
No sequence possible!
Increasing constants to 1

Increasing sequence length to 2

[]
Fastest checker: explicit
t1 = 0x3 >> a1
t2 = a3 ^ t1
Fastest checker: explicit
Fails for (0, 3, 1, 0)

[]
Fastest checker: explicit
t1 = 0x4 >> a1
t2 = a2 >> t1
Fastest checker: explicit
Fails for (3, 3, 1, 0)

[]
Fastest checker: explicit
No sequence possible!
Increasing constants to 2

Increasing sequence length to 2

[]
Fastest checker: cbmc
No sequence possible!
Increasing constants to 0

Increasing sequence length to 3

[]
Fastest checker: cbmc
t1 = a2 - a1
t2 = a3 <= a1
t3 = t1 ^ t2
Fastest checker: explicit
Fails for (1, 3, 1, 0)

[]
Fastest checker: cbmc
t1 = a4 s< a1
t2 = a2 >> a1
t3 = t1 ^ t2
Fastest checker: explicit
Fails for (1, 4, 1, 0)

[]
Fastest checker: cbmc
t1 = a1 * a2
t2 = a2 ^ t1
t3 = t2 >> a1
Fastest checker: explicit
Fails for (4, 4, 1, 0)

[]
Fastest checker: cbmc
No sequence possible!
Increasing constants to 1

Increasing sequence length to 3

[]
Fastest checker: cbmc
No sequence possible!
Increasing constants to 2

Increasing sequence length to 3

[]
Fastest checker: cbmc
No sequence possible!
Increasing constants to 3

Increasing sequence length to 3

[]
Fastest checker: cbmc
No sequence possible!
Increasing constants to 0

Increasing sequence length to 4

[]
Fastest checker: cbmc
t1 = a1 >> a3
t2 = a1 | t1
t3 = a4 - t2
t4 = a2 >> t3
Fastest checker: explicit
Fails for (5, 5, 1, 0)

[]
Fastest checker: cbmc
t1 = a1 != a3
t2 = a1 >>> a3
t3 = a2 * t1
t4 = t3 >> t2
Fastest checker: explicit
Fails for (6, 6, 1, 0)

[]
Fastest checker: cbmc
t1 = a1 s< a3
t2 = a2 * t1
t3 = a2 = a1
t4 = t2 | t3
Fastest checker: explicit
Fails for (8, 8, 1, 0)

[]
Fastest checker: cbmc
t1 = a1 / a2
t2 = a1 <= t1
t3 = a2 * t2
t4 = t1 + t3
Fastest checker: explicit
Fails for (0, 0, 0, 0)

[]
Fastest checker: cbmc
t1 = a3 < a1
t2 = a1 < a3
t3 = a2 * t2
t4 = t1 ^ t3
Fastest checker: explicit
Fails for (1, 1, 2, 0)

[]
Fastest checker: cbmc
t1 = a1 < a3
t2 = a2 * t1
t3 = a2 <= a1
t4 = t2 + t3
Fastest checker: explicit
Fails for (2, 1, 2, 0)

[]
Fastest checker: cbmc
t1 = a1 < a3
t2 = a2 * t1
t3 = a1 = a2
t4 = t2 + t3
Fastest checker: explicit
Fails for (3, 3, 2, 0)

[]
Fastest checker: cbmc
No sequence possible!
Increasing constants to 1

Increasing sequence length to 4

[]







Timeout
Perf counters:
{'cbmc': 16, 'explicit': 24, 'timeout': 1, 'iterations': 26}
Perf timers:
verify: 3.58s
checker: 599.79s
_: 600.02s
synth: 596.37s
