Using seed: 1337
[]
Fastest checker: explicit
No sequence possible!
Increasing constants to 1

Increasing sequence length to 1

[]
Fastest checker: explicit
No sequence possible!
Increasing constants to 0

Increasing sequence length to 2

[]
Fastest checker: explicit
t1 = -a1
t2 = t1 & a1
Fastest checker: explicit
Correct for wordlen=4
Fastest checker: cbmc
Also correct for wordlen=32!







Finished in 1.95s

t1 = -a1
t2 = t1 & a1

Perf counters:
{'cbmc': 1, 'explicit': 4, 'iterations': 3}
Perf timers:
verify: 1.23s
checker: 1.93s
_: 1.95s
synth: 0.72s
