Using seed: 1337
[]
Fastest checker: explicit
No sequence possible!
Increasing constants to 1

Increasing sequence length to 1

[]
Fastest checker: explicit
No sequence possible!
Increasing constants to 0

Increasing sequence length to 2

[]
Fastest checker: explicit
No sequence possible!
Increasing constants to 1

Increasing sequence length to 2

[]
Fastest checker: explicit
t1 = a1 + 0x1
t2 = t1 & a1
Fastest checker: explicit
Correct for wordlen=4
Fastest checker: cbmc
Also correct for wordlen=32!







Finished in 2.24s

t1 = a1 + 0x1
t2 = t1 & a1

Perf counters:
{'cbmc': 1, 'explicit': 5, 'iterations': 4}
Perf timers:
verify: 1.24s
checker: 2.20s
_: 2.24s
synth: 1.00s
