Using seed: 1337
[]
Fastest checker: explicit
No sequence possible!
Increasing constants to 1

Increasing sequence length to 1

[]
Fastest checker: explicit
No sequence possible!
Increasing constants to 0

Increasing sequence length to 2

[]
Fastest checker: explicit
No sequence possible!
Increasing constants to 1

Increasing sequence length to 2

[]
Fastest checker: explicit
No sequence possible!
Increasing constants to 2

Increasing sequence length to 2

[]
Fastest checker: cbmc
No sequence possible!
Increasing constants to 0

Increasing sequence length to 3

[]
Fastest checker: cbmc
No sequence possible!
Increasing constants to 1

Increasing sequence length to 3

[]
Fastest checker: cbmc
No sequence possible!
Increasing constants to 2

Increasing sequence length to 3

[]
Fastest checker: cbmc
No sequence possible!
Increasing constants to 3

Increasing sequence length to 3

[]
Fastest checker: cbmc
No sequence possible!
Increasing constants to 0

Increasing sequence length to 4

[]
Fastest checker: cbmc
t1 = a1 <= a2
t2 = a1 - a2
t3 = t1 * t2
t4 = a1 - t3
Fastest checker: explicit
Correct for wordlen=4
Fastest checker: cbmc
Also correct for wordlen=32!







Finished in 42.89s

t1 = a1 <= a2
t2 = a1 - a2
t3 = t1 * t2
t4 = a1 - t3

Perf counters:
{'cbmc': 7, 'explicit': 5, 'iterations': 10}
Perf timers:
verify: 1.28s
checker: 42.85s
_: 42.89s
synth: 41.60s
