Using seed: 1337
[]
Fastest checker: explicit
No sequence possible!
Increasing constants to 1

Increasing sequence length to 1

[]
Fastest checker: explicit
No sequence possible!
Increasing constants to 0

Increasing sequence length to 2

[]
Fastest checker: explicit
No sequence possible!
Increasing constants to 1

Increasing sequence length to 2

[]
Fastest checker: explicit
No sequence possible!
Increasing constants to 2

Increasing sequence length to 2

[]
Fastest checker: cbmc
No sequence possible!
Increasing constants to 0

Increasing sequence length to 3

[]
Fastest checker: explicit
No sequence possible!
Increasing constants to 1

Increasing sequence length to 3

[]
Fastest checker: cbmc
No sequence possible!
Increasing constants to 2

Increasing sequence length to 3

[]
Fastest checker: cbmc
No sequence possible!
Increasing constants to 3

Increasing sequence length to 3

[]
Fastest checker: cbmc
No sequence possible!
Increasing constants to 0

Increasing sequence length to 4

[]
Fastest checker: cbmc
No sequence possible!
Increasing constants to 1

Increasing sequence length to 4

[]
Fastest checker: cbmc
t1 = a1 ^ a2
t2 = t1 >> 0x1
t3 = a1 & a2
t4 = t2 + t3
Fastest checker: explicit
Correct for wordlen=4
Fastest checker: cbmc
Also correct for wordlen=32!







Finished in 124.48s

t1 = a1 ^ a2
t2 = t1 >> 0x1
t3 = a1 & a2
t4 = t2 + t3

Perf counters:
{'cbmc': 7, 'explicit': 6, 'iterations': 11}
Perf timers:
verify: 1.44s
checker: 124.43s
_: 124.48s
synth: 123.03s
