Using seed: 1337
[]
Fastest checker: cbmc
[1, 3, 4, 5, 8, 9, 7, 6, 0, 2, 12, 11, 10]
[1, 2, 0, 0, 0, 0, 1, 1, 2, 1, 1, 1, 0, 0, 2, 7, 1, 1, 1, 7, 1, 9, 6, 11, 8, 0]
10
t0 = a2 | a3
t1 = 1 + a1
t2 = -1 +  a1
t3 = a2 ^ a2
t4 = a3 - a2
t5 = a2 == a2
t6 = a1 + a1
t7 = a3 >> t4
t8 = a2 & a2
t9 = ~ a2
t10 = a2 <= t6
t11 = t3 < t8
t12 = t5 != a1
return t10
Fastest checker: cbmc
Fails for (9, 1, 2)

[]
Fastest checker: cbmc
[11, 6, 3, 1, 9, 5, 7, 0, 2, 8, 10, 12, 4]
[1, 1, 0, 3, 1, 3, 4, 1, 2, 0, 1, 2, 6, 1, 8, 3, 8, 2, 11, 10, 9, 2, 0, 1, 1, 12]
9
t0 = a2 < a2
t1 = a1 >> t0
t2 = 1 + a2
t3 = t1 | a2
t4 = a3 == a1
t5 = a2 ^ a3
t6 = t3 + a2
t7 = t5 & t0
t8 = ~ t5
t9 = t8 - t7
t10 = t6 != a3
t11 = a1 <= a2
t12 = -1 +  a2
return t9
Fastest checker: cbmc
Fails for (0, 2, 1)

[]
Fastest checker: cbmc
[8, 4, 7, 0, 11, 2, 9, 12, 6, 10, 3, 1, 5]
[1, 2, 3, 1, 4, 4, 5, 4, 3, 0, 6, 0, 1, 0, 7, 7, 6, 7, 2, 2, 10, 8, 5, 2, 4, 2]
8
t0 = a2 - a3
t1 = -1 +  t0
t2 = t1 + t1
t3 = t2 & t1
t4 = t0 < a1
t5 = ~ t3
t6 = a2 == a1
t7 = t4 <= t4
t8 = t3 >> t4
t9 = a3 != a3
t10 = 1 + t7
t11 = t2 | a3
t12 = t1 ^ a3
return t8
Fastest checker: cbmc
Fails for (1, 3, 0)

[]
Fastest checker: cbmc
[6, 3, 5, 9, 7, 12, 2, 11, 8, 4, 1, 0, 10]
[2, 1, 3, 2, 0, 4, 2, 5, 5, 0, 1, 4, 7, 4, 5, 2, 1, 7, 11, 2, 12, 9, 13, 12, 2, 8]
11
t0 = a3 >> a2
t1 = 1 + t0
t2 = a1 ^ t1
t3 = a3 == t2
t4 = t2 + a1
t5 = a2 <= t1
t6 = ~ t4
t7 = t2 < a3
t8 = a2 - t4
t9 = -1 +  t8
t10 = t9 | t6
t11 = t10 & t9
t12 = a3 != t5
return t11
Fastest checker: cbmc
Fails for (14, 4, 0)

[]
Fastest checker: cbmc
[6, 7, 12, 8, 2, 10, 9, 11, 0, 3, 4, 5, 1]
[0, 1, 3, 0, 1, 3, 5, 4, 6, 5, 1, 1, 5, 7, 8, 2, 2, 1, 7, 2, 1, 10, 4, 10, 1, 6]
9
t0 = a1 >> a2
t1 = t0 + a1
t2 = a2 <= t0
t3 = t2 - t1
t4 = ~ t3
t5 = a2 != a2
t6 = t2 == t4
t7 = t5 < a3
t8 = a3 & a2
t9 = 1 + t4
t10 = -1 +  a2
t11 = t1 ^ t7
t12 = a2 | t3
return t9
Fastest checker: cbmc
Fails for (12, 2, 0)

[]
Fastest checker: cbmc
[9, 11, 5, 7, 8, 3, 2, 12, 6, 4, 10, 1, 0]
[0, 1, 1, 2, 2, 0, 5, 4, 3, 1, 0, 2, 8, 1, 5, 2, 6, 10, 0, 0, 8, 1, 13, 7, 6, 2]
8
t0 = a1 == a2
t1 = a2 < a3
t2 = a3 ^ a1
t3 = t2 + t1
t4 = t0 - a2
t5 = 1 + a1
t6 = ~ t5
t7 = t2 <= a3
t8 = t3 >> t7
t9 = -1 +  a1
t10 = t5 != a2
t11 = t10 | t4
t12 = t3 & a3
return t8
Fastest checker: cbmc
Fails for (2, 1, 2)

[]
Fastest checker: cbmc
[12, 1, 3, 10, 11, 7, 5, 9, 8, 0, 2, 4, 6]
[0, 2, 2, 0, 1, 0, 2, 5, 6, 2, 7, 4, 3, 8, 1, 1, 9, 5, 1, 2, 9, 1, 11, 0, 9, 5]
6
t0 = a1 <= a3
t1 = a3 | a1
t2 = 1 + a2
t3 = a3 != t2
t4 = t3 < a3
t5 = t4 + t1
t6 = t0 ^ t5
t7 = a2 == a2
t8 = t6 - t2
t9 = a2 & a3
t10 = ~ t6
t11 = -1 +  t8
t12 = t6 >> t2
return t6
Fastest checker: cbmc
Fails for (0, 1, 2)

[]







Timeout
Perf counters:
{'cbmc': 14, 'timeout': 1, 'iterations': 8}
Perf timers:
verify: 6.55s
checker: 600.03s
_: 600.08s
synth: 593.48s
