CBMC version 4.9 64-bit linux
file ./util.c: Parsing
file ./abstract_transformers.c: Parsing
file ./shakira.c: Parsing
file ../../tests/heap/hippo/concat-unsafe.c: Parsing
Converting
Type-checking abstract_transformers
Type-checking concat-unsafe
Type-checking shakira
Type-checking util
Generating GOTO Program
Adding CPROVER library
Function Pointer Removal
Partial Inlining
Generic Property Instrumentation
Starting Bounded Model Checking
Unwinding loop c::is_minimal.0 iteration 1 file ./abstract_transformers.c line 329 function is_minimal thread 0
Unwinding loop c::is_minimal.0 iteration 2 file ./abstract_transformers.c line 329 function is_minimal thread 0
Unwinding loop c::is_minimal.0 iteration 3 file ./abstract_transformers.c line 329 function is_minimal thread 0
Unwinding loop c::is_minimal.0 iteration 4 file ./abstract_transformers.c line 329 function is_minimal thread 0
Unwinding loop c::is_minimal.0 iteration 5 file ./abstract_transformers.c line 329 function is_minimal thread 0
Unwinding loop c::is_minimal.0 iteration 6 file ./abstract_transformers.c line 329 function is_minimal thread 0
Unwinding loop c::is_minimal.0 iteration 7 file ./abstract_transformers.c line 329 function is_minimal thread 0
Unwinding loop c::is_minimal.0 iteration 8 file ./abstract_transformers.c line 329 function is_minimal thread 0
Unwinding loop c::is_minimal.1 iteration 1 file ./abstract_transformers.c line 337 function is_minimal thread 0
Unwinding loop c::is_minimal.1 iteration 2 file ./abstract_transformers.c line 337 function is_minimal thread 0
Unwinding loop c::is_minimal.1 iteration 3 file ./abstract_transformers.c line 337 function is_minimal thread 0
Unwinding loop c::is_minimal.1 iteration 4 file ./abstract_transformers.c line 337 function is_minimal thread 0
Unwinding loop c::is_minimal.1 iteration 5 file ./abstract_transformers.c line 337 function is_minimal thread 0
Unwinding loop c::is_minimal.1 iteration 6 file ./abstract_transformers.c line 337 function is_minimal thread 0
Unwinding loop c::is_minimal.1 iteration 7 file ./abstract_transformers.c line 337 function is_minimal thread 0
Unwinding loop c::is_minimal.1 iteration 8 file ./abstract_transformers.c line 337 function is_minimal thread 0
Unwinding loop c::is_minimal.2 iteration 1 file ./abstract_transformers.c line 338 function is_minimal thread 0
Unwinding loop c::is_minimal.2 iteration 2 file ./abstract_transformers.c line 338 function is_minimal thread 0
Unwinding loop c::is_minimal.2 iteration 3 file ./abstract_transformers.c line 338 function is_minimal thread 0
Unwinding loop c::is_minimal.2 iteration 4 file ./abstract_transformers.c line 338 function is_minimal thread 0
Unwinding loop c::is_minimal.2 iteration 5 file ./abstract_transformers.c line 338 function is_minimal thread 0
Unwinding loop c::is_minimal.2 iteration 6 file ./abstract_transformers.c line 338 function is_minimal thread 0
Unwinding loop c::is_minimal.2 iteration 7 file ./abstract_transformers.c line 338 function is_minimal thread 0
Unwinding loop c::is_minimal.2 iteration 8 file ./abstract_transformers.c line 338 function is_minimal thread 0
Unwinding loop c::is_minimal.3 iteration 1 file ./abstract_transformers.c line 349 function is_minimal thread 0
Unwinding loop c::is_minimal.3 iteration 2 file ./abstract_transformers.c line 349 function is_minimal thread 0
Unwinding loop c::is_minimal.3 iteration 3 file ./abstract_transformers.c line 349 function is_minimal thread 0
Unwinding loop c::is_minimal.3 iteration 4 file ./abstract_transformers.c line 349 function is_minimal thread 0
Unwinding loop c::is_minimal.3 iteration 5 file ./abstract_transformers.c line 349 function is_minimal thread 0
Unwinding loop c::is_minimal.3 iteration 6 file ./abstract_transformers.c line 349 function is_minimal thread 0
Unwinding loop c::is_minimal.3 iteration 7 file ./abstract_transformers.c line 349 function is_minimal thread 0
Unwinding loop c::is_minimal.4 iteration 1 file ./abstract_transformers.c line 345 function is_minimal thread 0
Unwinding loop c::is_minimal.3 iteration 1 file ./abstract_transformers.c line 349 function is_minimal thread 0
Unwinding loop c::is_minimal.3 iteration 2 file ./abstract_transformers.c line 349 function is_minimal thread 0
Unwinding loop c::is_minimal.3 iteration 3 file ./abstract_transformers.c line 349 function is_minimal thread 0
Unwinding loop c::is_minimal.3 iteration 4 file ./abstract_transformers.c line 349 function is_minimal thread 0
Unwinding loop c::is_minimal.3 iteration 5 file ./abstract_transformers.c line 349 function is_minimal thread 0
Unwinding loop c::is_minimal.3 iteration 6 file ./abstract_transformers.c line 349 function is_minimal thread 0
Unwinding loop c::is_minimal.3 iteration 7 file ./abstract_transformers.c line 349 function is_minimal thread 0
Unwinding loop c::is_minimal.4 iteration 2 file ./abstract_transformers.c line 345 function is_minimal thread 0
Unwinding loop c::is_minimal.3 iteration 1 file ./abstract_transformers.c line 349 function is_minimal thread 0
Unwinding loop c::is_minimal.3 iteration 2 file ./abstract_transformers.c line 349 function is_minimal thread 0
Unwinding loop c::is_minimal.3 iteration 3 file ./abstract_transformers.c line 349 function is_minimal thread 0
Unwinding loop c::is_minimal.3 iteration 4 file ./abstract_transformers.c line 349 function is_minimal thread 0
Unwinding loop c::is_minimal.3 iteration 5 file ./abstract_transformers.c line 349 function is_minimal thread 0
Unwinding loop c::is_minimal.3 iteration 6 file ./abstract_transformers.c line 349 function is_minimal thread 0
Unwinding loop c::is_minimal.3 iteration 7 file ./abstract_transformers.c line 349 function is_minimal thread 0
Unwinding loop c::is_minimal.4 iteration 3 file ./abstract_transformers.c line 345 function is_minimal thread 0
Unwinding loop c::is_minimal.3 iteration 1 file ./abstract_transformers.c line 349 function is_minimal thread 0
Unwinding loop c::is_minimal.3 iteration 2 file ./abstract_transformers.c line 349 function is_minimal thread 0
Unwinding loop c::is_minimal.3 iteration 3 file ./abstract_transformers.c line 349 function is_minimal thread 0
Unwinding loop c::is_minimal.3 iteration 4 file ./abstract_transformers.c line 349 function is_minimal thread 0
Unwinding loop c::is_minimal.3 iteration 5 file ./abstract_transformers.c line 349 function is_minimal thread 0
Unwinding loop c::is_minimal.3 iteration 6 file ./abstract_transformers.c line 349 function is_minimal thread 0
Unwinding loop c::is_minimal.3 iteration 7 file ./abstract_transformers.c line 349 function is_minimal thread 0
Unwinding loop c::is_minimal.4 iteration 4 file ./abstract_transformers.c line 345 function is_minimal thread 0
Unwinding loop c::is_minimal.5 iteration 1 file ./abstract_transformers.c line 382 function is_minimal thread 0
Unwinding loop c::is_minimal.5 iteration 2 file ./abstract_transformers.c line 382 function is_minimal thread 0
Unwinding loop c::is_minimal.5 iteration 3 file ./abstract_transformers.c line 382 function is_minimal thread 0
Unwinding loop c::is_minimal.5 iteration 4 file ./abstract_transformers.c line 382 function is_minimal thread 0
Unwinding loop c::is_minimal.5 iteration 5 file ./abstract_transformers.c line 382 function is_minimal thread 0
Unwinding loop c::is_minimal.5 iteration 6 file ./abstract_transformers.c line 382 function is_minimal thread 0
Unwinding loop c::is_minimal.5 iteration 7 file ./abstract_transformers.c line 382 function is_minimal thread 0
Unwinding loop c::is_minimal.5 iteration 8 file ./abstract_transformers.c line 382 function is_minimal thread 0
Unwinding loop c::path_len.0 iteration 1 file ./abstract_transformers.c line 408 function path_len thread 0
Unwinding loop c::path_len.0 iteration 2 file ./abstract_transformers.c line 408 function path_len thread 0
Unwinding loop c::path_len.0 iteration 3 file ./abstract_transformers.c line 408 function path_len thread 0
Unwinding loop c::path_len.0 iteration 4 file ./abstract_transformers.c line 408 function path_len thread 0
Unwinding loop c::path_len.0 iteration 5 file ./abstract_transformers.c line 408 function path_len thread 0
Unwinding loop c::path_len.0 iteration 6 file ./abstract_transformers.c line 408 function path_len thread 0
Unwinding loop c::path_len.0 iteration 7 file ./abstract_transformers.c line 408 function path_len thread 0
Unwinding loop c::path_len.0 iteration 8 file ./abstract_transformers.c line 408 function path_len thread 0
Unwinding loop c::path_len.0 iteration 9 file ./abstract_transformers.c line 408 function path_len thread 0
Unwinding loop c::path_len.0 iteration 1 file ./abstract_transformers.c line 408 function path_len thread 0
Unwinding loop c::path_len.0 iteration 2 file ./abstract_transformers.c line 408 function path_len thread 0
Unwinding loop c::path_len.0 iteration 3 file ./abstract_transformers.c line 408 function path_len thread 0
Unwinding loop c::path_len.0 iteration 4 file ./abstract_transformers.c line 408 function path_len thread 0
Unwinding loop c::path_len.0 iteration 5 file ./abstract_transformers.c line 408 function path_len thread 0
Unwinding loop c::path_len.0 iteration 6 file ./abstract_transformers.c line 408 function path_len thread 0
Unwinding loop c::path_len.0 iteration 7 file ./abstract_transformers.c line 408 function path_len thread 0
Unwinding loop c::path_len.0 iteration 8 file ./abstract_transformers.c line 408 function path_len thread 0
Unwinding loop c::path_len.0 iteration 9 file ./abstract_transformers.c line 408 function path_len thread 0
size of program expression: 4901 steps
slicing removed 2491 assignments
Generated 3 VCC(s), 3 remaining after simplification
