Using seed: 1337
[]
Fastest checker: explicit
No sequence possible!
Increasing constants to 1

Increasing sequence length to 1

[]
Fastest checker: explicit
No sequence possible!
Increasing constants to 0

Increasing sequence length to 2

[]
Fastest checker: explicit
No sequence possible!
Increasing constants to 1

Increasing sequence length to 2

[]
Fastest checker: explicit
No sequence possible!
Increasing constants to 2

Increasing sequence length to 2

[]
Fastest checker: cbmc
No sequence possible!
Increasing constants to 0

Increasing sequence length to 3

[]
Fastest checker: explicit
No sequence possible!
Increasing constants to 1

Increasing sequence length to 3

[]
Fastest checker: cbmc
t1 = ~a1
t2 = a1 * t1
t3 = 0x6 < t2
Fastest checker: explicit
Correct for wordlen=4
Fastest checker: explicit
Trying to generalize...
Fastest checker: explicit
Fastest checker: explicit
Fastest checker: explicit
Couldn't generalize :-(
Excluding current sequence
[]
Fastest checker: cbmc
t1 = ~a1
t2 = a1 * t1
t3 = t2 >> 0x7
Fastest checker: explicit
Correct for wordlen=4
Fastest checker: explicit
Trying to generalize...
Fastest checker: explicit
Fastest checker: explicit
Fastest checker: explicit
Couldn't generalize :-(
Increasing wordlen to 5
[]
Fastest checker: cbmc
No sequence possible!
Increasing constants to 2

Increasing sequence length to 3

[]







Timeout
Perf counters:
{'timeout': 1, 'cbmc': 4, 'explicit': 15, 'exclusions': 1, 'iterations': 10}
Perf timers:
verify: 2.40s
checker: 599.92s
generalize: 1.45s
_: 600.01s
synth: 597.60s
