Using seed: 1337
[]
Fastest checker: explicit
No sequence possible!
Increasing constants to 1

Increasing sequence length to 1

[]
Fastest checker: cbmc
No sequence possible!
Increasing constants to 0

Increasing sequence length to 2

[]
Fastest checker: explicit
No sequence possible!
Increasing constants to 1

Increasing sequence length to 2

[]
Fastest checker: cbmc
t1 = a1 + a2
t2 = t1 >> 0x80000741
Fastest checker: cbmc
Fails for (2826960908, 2826960914)

[]
Fastest checker: cbmc
No sequence possible!
Increasing constants to 2

Increasing sequence length to 2

[]
Fastest checker: cbmc
No sequence possible!
Increasing constants to 0

Increasing sequence length to 3

[]
Fastest checker: explicit
No sequence possible!
Increasing constants to 1

Increasing sequence length to 3

[]
Fastest checker: cbmc
t1 = a2 - a1
t2 = t1 >>> 0x101f3101
t3 = a1 + t2
Fastest checker: cbmc
Fails for (2359422735, 138276555)

[]







Timeout
Perf counters:
{'cbmc': 7, 'explicit': 3, 'timeout': 1, 'iterations': 9}
Perf timers:
verify: 2.04s
checker: 600.00s
_: 600.04s
synth: 598.00s
