Using seed: 1337
[]
Fastest checker: explicit
No sequence possible!
Increasing constants to 1

Increasing sequence length to 1

[]
Fastest checker: cbmc
No sequence possible!
Increasing constants to 0

Increasing sequence length to 2

[]
Fastest checker: explicit
No sequence possible!
Increasing constants to 1

Increasing sequence length to 2

[]
Fastest checker: cbmc
No sequence possible!
Increasing constants to 2

Increasing sequence length to 2

[]
Fastest checker: cbmc
No sequence possible!
Increasing constants to 0

Increasing sequence length to 3

[]
Fastest checker: explicit
t1 = a1 - a2
t2 = t1 >> t1
t3 = a1 ^ t2
Fastest checker: explicit
Fails for (32, 0)

[]
Fastest checker: explicit
No sequence possible!
Increasing constants to 1

Increasing sequence length to 3

[]







Timeout
Perf counters:
{'cbmc': 3, 'explicit': 5, 'timeout': 1, 'iterations': 8}
Perf timers:
verify: 0.24s
checker: 600.00s
_: 600.04s
synth: 599.80s
