Using seed: 1337
[]
Fastest checker: explicit
No sequence possible!
Increasing constants to 1

Increasing sequence length to 1

[]
Fastest checker: cbmc
t1 = 0x0 ^ a1
Fastest checker: cbmc
Correct for wordlen=32







Finished in 5.94s

t1 = 0x0 ^ a1

Perf counters:
{'cbmc': 2, 'explicit': 1, 'iterations': 2}
Perf timers:
verify: 1.01s
checker: 5.92s
_: 5.94s
synth: 4.92s
