Using seed: 1337
[]
Fastest checker: explicit
No sequence possible!
Increasing constants to 1

Increasing sequence length to 1

[]
Fastest checker: cbmc
No sequence possible!
Increasing constants to 0

Increasing sequence length to 2

[]
Fastest checker: explicit
No sequence possible!
Increasing constants to 1

Increasing sequence length to 2

[]
Fastest checker: cbmc
No sequence possible!
Increasing constants to 2

Increasing sequence length to 2

[]
Fastest checker: cbmc
No sequence possible!
Increasing constants to 0

Increasing sequence length to 3

[]
Fastest checker: explicit
t1 = ~a1
t2 = -t1
t3 = t1 & t2
Fastest checker: cbmc
Correct for wordlen=32







Finished in 73.51s

t1 = ~a1
t2 = -t1
t3 = t1 & t2

Perf counters:
{'cbmc': 4, 'explicit': 3, 'iterations': 6}
Perf timers:
verify: 1.00s
checker: 73.49s
_: 73.51s
synth: 72.51s
