Using seed: 1337
[]
Fastest checker: genetic
Program 0:
t1 = 0x7 >>> 0x1;
t2 = 0x1 ==> 0x0;
t3 = a2 ? a1 : t1;
t4 = t3 ==> 0x0;
res1 = min(a2, t3);

Fastest checker: explicit
Correct for wordlen=4
Fastest checker: cbmc
Also correct for wordlen=32!







Finished in 1.96s

Program 0:
t1 = 0x7 >>> 0x1;
t2 = 0x1 ==> 0x0;
t3 = a2 ? a1 : t1;
t4 = t3 ==> 0x0;
res1 = min(a2, t3);


Perf counters:
{'genetic': 1, 'cbmc': 1, 'explicit': 1, 'iterations': 1}
Perf timers:
verify: 1.53s
checker: 1.95s
gcc: 0.78s
_: 1.96s
synth: 0.43s
