c
c This is glucose 4.0 --  based on MiniSAT (Many thanks to MiniSAT team)
c
c ========================================[ Problem Statistics ]===========================================
c |                                                                                                       |
c |  Number of variables:         13674                                                                   |
c |  Number of clauses:           49661                                                                   |
c |  Parse time:                   0.02 s                                                                 |
c |                                                                                                       |
c | Preprocesing is fully done
c |  Eliminated clauses:           0.47 Mb                                                                |
c |  Simplification time:          0.05 s                                                                 |
c |                                                                                                       |
c ========================================[ MAGIC CONSTANTS ]==============================================
c | Constants are supposed to work well together :-)                                                      |
c | however, if you find better choices, please let us known...                                           |
c |-------------------------------------------------------------------------------------------------------|
c |                                |                                |                                     |
c | - Restarts:                    | - Reduce Clause DB:            | - Minimize Asserting:               |
c |   * LBD Queue    :     50      |   * First     :   2000         |    * size <  30                     |
c |   * Trail  Queue :   5000      |   * Inc       :    300         |    * lbd  <   6                     |
c |   * K            :   0.80      |   * Special   :   1000         |                                     |
c |   * R            :   1.40      |   * Protected :  (lbd)< 30     |                                     |
c |                                |                                |                                     |
c ==================================[ Search Statistics (every  10000 conflicts) ]=========================
c |                                                                                                       |
c |          RESTARTS           |          ORIGINAL         |              LEARNT              | Progress |
c |       NB   Blocked  Avg Cfc |    Vars  Clauses Literals |   Red   Learnts    LBD2  Removed |          |
c =========================================================================================================
c =========================================================================================================
c restarts              : 1 (335 conflicts in avg)
c blocked restarts      : 0 (multiple: 0) 
c last block at restart : 0
c nb ReduceDB           : 0
c nb removed Clauses    : 0
c nb learnts DL2        : 55
c nb learnts size 2     : 32
c nb learnts size 1     : 15
c conflicts             : 335            (4746 /sec)
c decisions             : 1304           (0.00 % random) (18475 /sec)
c propagations          : 50842          (720325 /sec)
c conflict literals     : 2764           (24.42 % deleted)
c nb reduced Clauses    : 3
c CPU time              : 0.070582 s

s UNSATISFIABLE
