Using seed: 1337
[]
Fastest checker: genetic
Program 0:
t1 = a1 - 0x1;
t2 = 0x0 + 0x0;
res1 = a1 & t1;

Fastest checker: explicit
Correct for wordlen=4
Fastest checker: cbmc
Also correct for wordlen=32!







Finished in 1.87s

Program 0:
t1 = a1 - 0x1;
t2 = 0x0 + 0x0;
res1 = a1 & t1;


Perf counters:
{'genetic': 1, 'cbmc': 1, 'explicit': 1, 'iterations': 1}
Perf timers:
verify: 1.40s
checker: 1.86s
gcc: 0.83s
_: 1.87s
synth: 0.47s
