Using seed: 1337
[]







Timeout
Perf counters:
{'timeout': 1, 'iterations': 1}
Perf timers:
checker: 100.00s
gcc: 0.40s
_: 100.00s
synth: 100.00s
