Using seed: 1337
[]
Fastest checker: anneal
Program 0:
t1 = 0x1 == 0x2;
t2 = t1 >>> a1;
t3 = t1 * 0x2;
t4 = -(a1);
res1 = a1 & t4;

Fastest checker: explicit
Correct for wordlen=4
Fastest checker: cbmc
Also correct for wordlen=32!







Finished in 1.92s

Program 0:
t1 = 0x1 == 0x2;
t2 = t1 >>> a1;
t3 = t1 * 0x2;
t4 = -(a1);
res1 = a1 & t4;


Perf counters:
{'cbmc': 1, 'anneal': 1, 'explicit': 1, 'iterations': 1}
Perf timers:
verify: 1.49s
checker: 1.92s
gcc: 0.76s
_: 1.92s
synth: 0.43s
